[    0.000000] Linux version 4.15.0-91-generic (buildd@lgw01-amd64-013) (gcc version 7.4.0 (Ubuntu 7.4.0-1ubuntu1~18.04.1)) #92-Ubuntu SMP Fri Feb 28 11:09:48 UTC 2020 (Ubuntu 4.15.0-91.92-generic 4.15.18)
[    0.000000] Command line: BOOT_IMAGE=/boot/vmlinuz-4.15.0-91-generic root=LABEL=cloudimg-rootfs ro console=tty1 console=ttyS0
[    0.000000] KERNEL supported cpus:
[    0.000000]   Intel GenuineIntel
[    0.000000]   AMD AuthenticAMD
[    0.000000]   Centaur CentaurHauls
[    0.000000] x86/fpu: Supporting XSAVE feature 0x001: 'x87 floating point registers'
[    0.000000] x86/fpu: Supporting XSAVE feature 0x002: 'SSE registers'
[    0.000000] x86/fpu: Supporting XSAVE feature 0x004: 'AVX registers'
[    0.000000] x86/fpu: xstate_offset[2]:  576, xstate_sizes[2]:  256
[    0.000000] x86/fpu: Enabled xstate features 0x7, context size is 832 bytes, using 'standard' format.
[    0.000000] e820: BIOS-provided physical RAM map:
[    0.000000] BIOS-e820: [mem 0x0000000000000000-0x000000000009fbff] usable
[    0.000000] BIOS-e820: [mem 0x000000000009fc00-0x000000000009ffff] reserved
[    0.000000] BIOS-e820: [mem 0x00000000000f0000-0x00000000000fffff] reserved
[    0.000000] BIOS-e820: [mem 0x0000000000100000-0x000000003ffeffff] usable
[    0.000000] BIOS-e820: [mem 0x000000003fff0000-0x000000003fffffff] ACPI data
[    0.000000] BIOS-e820: [mem 0x00000000fec00000-0x00000000fec00fff] reserved
[    0.000000] BIOS-e820: [mem 0x00000000fee00000-0x00000000fee00fff] reserved
[    0.000000] BIOS-e820: [mem 0x00000000fffc0000-0x00000000ffffffff] reserved
[    0.000000] NX (Execute Disable) protection: active
[    0.000000] SMBIOS 2.5 present.
[    0.000000] DMI: innotek GmbH VirtualBox/VirtualBox, BIOS VirtualBox 12/01/2006
[    0.000000] Hypervisor detected: KVM
[    0.000000] e820: last_pfn = 0x3fff0 max_arch_pfn = 0x400000000
[    0.000000] MTRR: Disabled
[    0.000000] x86/PAT: MTRRs disabled, skipping PAT initialization too.
[    0.000000] CPU MTRRs all blank - virtualized system.
[    0.000000] x86/PAT: Configuration [0-7]: WB  WT  UC- UC  WB  WT  UC- UC  
[    0.000000] found SMP MP-table at [mem 0x0009fff0-0x0009ffff]
[    0.000000] Scanning 1 areas for low memory corruption
[    0.000000] RAMDISK: [mem 0x35a6d000-0x36d2dfff]
[    0.000000] ACPI: Early table checksum verification disabled
[    0.000000] ACPI: RSDP 0x00000000000E0000 000024 (v02 VBOX  )
[    0.000000] ACPI: XSDT 0x000000003FFF0030 00003C (v01 VBOX   VBOXXSDT 00000001 ASL  00000061)
[    0.000000] ACPI: FACP 0x000000003FFF00F0 0000F4 (v04 VBOX   VBOXFACP 00000001 ASL  00000061)
[    0.000000] ACPI: DSDT 0x000000003FFF0470 0021FF (v02 VBOX   VBOXBIOS 00000002 INTL 20180105)
[    0.000000] ACPI: FACS 0x000000003FFF0200 000040
[    0.000000] ACPI: FACS 0x000000003FFF0200 000040
[    0.000000] ACPI: APIC 0x000000003FFF0240 00005C (v02 VBOX   VBOXAPIC 00000001 ASL  00000061)
[    0.000000] ACPI: SSDT 0x000000003FFF02A0 0001CC (v01 VBOX   VBOXCPUT 00000002 INTL 20180105)
[    0.000000] No NUMA configuration found
[    0.000000] Faking a node at [mem 0x0000000000000000-0x000000003ffeffff]
[    0.000000] NODE_DATA(0) allocated [mem 0x3ffc5000-0x3ffeffff]
[    0.000000] kvm-clock: cpu 0, msr 0:3ff44001, primary cpu clock
[    0.000000] kvm-clock: Using msrs 4b564d01 and 4b564d00
[    0.000000] kvm-clock: using sched offset of 20868954039 cycles
[    0.000000] clocksource: kvm-clock: mask: 0xffffffffffffffff max_cycles: 0x1cd42e4dffb, max_idle_ns: 881590591483 ns
[    0.000000] Zone ranges:
[    0.000000]   DMA      [mem 0x0000000000001000-0x0000000000ffffff]
[    0.000000]   DMA32    [mem 0x0000000001000000-0x000000003ffeffff]
[    0.000000]   Normal   empty
[    0.000000]   Device   empty
[    0.000000] Movable zone start for each node
[    0.000000] Early memory node ranges
[    0.000000]   node   0: [mem 0x0000000000001000-0x000000000009efff]
[    0.000000]   node   0: [mem 0x0000000000100000-0x000000003ffeffff]
[    0.000000] Reserved but unavailable: 98 pages
[    0.000000] Initmem setup node 0 [mem 0x0000000000001000-0x000000003ffeffff]
[    0.000000] ACPI: PM-Timer IO Port: 0x4008
[    0.000000] IOAPIC[0]: apic_id 2, version 32, address 0xfec00000, GSI 0-23
[    0.000000] ACPI: INT_SRC_OVR (bus 0 bus_irq 0 global_irq 2 dfl dfl)
[    0.000000] ACPI: INT_SRC_OVR (bus 0 bus_irq 9 global_irq 9 low level)
[    0.000000] Using ACPI (MADT) for SMP configuration information
[    0.000000] smpboot: Allowing 2 CPUs, 0 hotplug CPUs
[    0.000000] PM: Registered nosave memory: [mem 0x00000000-0x00000fff]
[    0.000000] PM: Registered nosave memory: [mem 0x0009f000-0x0009ffff]
[    0.000000] PM: Registered nosave memory: [mem 0x000a0000-0x000effff]
[    0.000000] PM: Registered nosave memory: [mem 0x000f0000-0x000fffff]
[    0.000000] e820: [mem 0x40000000-0xfebfffff] available for PCI devices
[    0.000000] Booting paravirtualized kernel on KVM
[    0.000000] clocksource: refined-jiffies: mask: 0xffffffff max_cycles: 0xffffffff, max_idle_ns: 7645519600211568 ns
[    0.000000] random: get_random_bytes called from start_kernel+0x99/0x4fd with crng_init=0
[    0.000000] setup_percpu: NR_CPUS:8192 nr_cpumask_bits:2 nr_cpu_ids:2 nr_node_ids:1
[    0.000000] percpu: Embedded 45 pages/cpu s147456 r8192 d28672 u1048576
[    0.000000] PV qspinlock hash table entries: 256 (order: 0, 4096 bytes)
[    0.000000] Built 1 zonelists, mobility grouping on.  Total pages: 257913
[    0.000000] Policy zone: DMA32
[    0.000000] Kernel command line: BOOT_IMAGE=/boot/vmlinuz-4.15.0-91-generic root=LABEL=cloudimg-rootfs ro console=tty1 console=ttyS0
[    0.000000] Memory: 983064K/1048120K available (12300K kernel code, 2481K rwdata, 4264K rodata, 2432K init, 2712K bss, 65056K reserved, 0K cma-reserved)
[    0.000000] SLUB: HWalign=64, Order=0-3, MinObjects=0, CPUs=2, Nodes=1
[    0.000000] Kernel/User page tables isolation: enabled
[    0.000000] ftrace: allocating 39347 entries in 154 pages
[    0.004000] Hierarchical RCU implementation.
[    0.004000] 	RCU restricting CPUs from NR_CPUS=8192 to nr_cpu_ids=2.
[    0.004000] 	Tasks RCU enabled.
[    0.004000] RCU: Adjusting geometry for rcu_fanout_leaf=16, nr_cpu_ids=2
[    0.004000] NR_IRQS: 524544, nr_irqs: 440, preallocated irqs: 16
[    0.004000] Console: colour VGA+ 80x25
[    0.004000] console [tty1] enabled
[    0.004000] console [ttyS0] enabled
[    0.004000] ACPI: Core revision 20170831
[    0.004000] ACPI: 2 ACPI AML tables successfully acquired and loaded
[    0.004000] APIC: Switch to symmetric I/O mode setup
[    0.004396] x2apic enabled
[    0.005459] Switched APIC routing to physical x2apic.
[    0.009598] ..TIMER: vector=0x30 apic1=0 pin1=2 apic2=-1 pin2=-1
[    0.012006] tsc: Detected 1997.094 MHz processor
[    0.013092] Calibrating delay loop (skipped) preset value.. 3994.18 BogoMIPS (lpj=7988376)
[    0.016005] pid_max: default: 32768 minimum: 301
[    0.020055] Security Framework initialized
[    0.021321] Yama: becoming mindful.
[    0.022449] AppArmor: AppArmor initialized
[    0.024067] Dentry cache hash table entries: 131072 (order: 8, 1048576 bytes)
[    0.028097] Inode-cache hash table entries: 65536 (order: 7, 524288 bytes)
[    0.032020] Mount-cache hash table entries: 2048 (order: 2, 16384 bytes)
[    0.034031] Mountpoint-cache hash table entries: 2048 (order: 2, 16384 bytes)
[    0.036356] Last level iTLB entries: 4KB 64, 2MB 8, 4MB 8
[    0.040004] Last level dTLB entries: 4KB 64, 2MB 0, 4MB 0, 1GB 4
[    0.044003] Spectre V1 : Mitigation: usercopy/swapgs barriers and __user pointer sanitization
[    0.046561] Spectre V2 : Mitigation: Full generic retpoline
[    0.048002] Spectre V2 : Spectre v2 / SpectreRSB mitigation: Filling RSB on context switch
[    0.052002] Speculative Store Bypass: Vulnerable
[    0.053476] MDS: Mitigation: Clear CPU buffers
[    0.055076] Freeing SMP alternatives memory: 36K
[    0.167169] smpboot: CPU0: Intel(R) Core(TM) i3-5005U CPU @ 2.00GHz (family: 0x6, model: 0x3d, stepping: 0x4)
[    0.168000] Performance Events: unsupported p6 CPU model 61 no PMU driver, software events only.
[    0.168053] Hierarchical SRCU implementation.
[    0.170265] NMI watchdog: Perf event create on CPU 0 failed with -2
[    0.172003] NMI watchdog: Perf NMI watchdog permanently disabled
[    0.176079] smp: Bringing up secondary CPUs ...
[    0.177623] x86: Booting SMP configuration:
[    0.178933] .... node  #0, CPUs:      #1
[    0.004000] kvm-clock: cpu 1, msr 0:3ff44041, secondary cpu clock
[    0.184032] smp: Brought up 1 node, 2 CPUs
[    0.185293] smpboot: Max logical packages: 1
[    0.186620] smpboot: Total of 2 processors activated (7988.37 BogoMIPS)
[    0.188174] devtmpfs: initialized
[    0.189152] x86/mm: Memory block size: 128MB
[    0.192210] evm: security.selinux
[    0.193324] evm: security.SMACK64
[    0.194398] evm: security.SMACK64EXEC
[    0.196006] evm: security.SMACK64TRANSMUTE
[    0.197320] evm: security.SMACK64MMAP
[    0.198474] evm: security.apparmor
[    0.199559] evm: security.ima
[    0.200004] evm: security.capability
[    0.201201] clocksource: jiffies: mask: 0xffffffff max_cycles: 0xffffffff, max_idle_ns: 7645041785100000 ns
[    0.204016] futex hash table entries: 512 (order: 3, 32768 bytes)
[    0.206993] pinctrl core: initialized pinctrl subsystem
[    0.208159] RTC time: 11:44:11, date: 03/24/20
[    0.212202] NET: Registered protocol family 16
[    0.213714] audit: initializing netlink subsys (disabled)
[    0.216060] audit: type=2000 audit(1585050273.265:1): state=initialized audit_enabled=0 res=1
[    0.218401] cpuidle: using governor ladder
[    0.220023] cpuidle: using governor menu
[    0.221076] ACPI: bus type PCI registered
[    0.222046] acpiphp: ACPI Hot Plug PCI Controller Driver version: 0.5
[    0.224161] PCI: Using configuration type 1 for base access
[    0.232101] HugeTLB registered 2.00 MiB page size, pre-allocated 0 pages
[    0.236031] ACPI: Added _OSI(Module Device)
[    0.240021] ACPI: Added _OSI(Processor Device)
[    0.241102] ACPI: Added _OSI(3.0 _SCP Extensions)
[    0.244015] ACPI: Added _OSI(Processor Aggregator Device)
[    0.245270] ACPI: Added _OSI(Linux-Dell-Video)
[    0.247401] ACPI: Added _OSI(Linux-Lenovo-NV-HDMI-Audio)
[    0.248004] ACPI: Added _OSI(Linux-HPI-Hybrid-Graphics)
[    0.252411] ACPI: Executed 1 blocks of module-level executable AML code
[    0.260227] ACPI: Interpreter enabled
[    0.261495] ACPI: (supports S0 S5)
[    0.262588] ACPI: Using IOAPIC for interrupt routing
[    0.264368] PCI: Using host bridge windows from ACPI; if necessary, use "pci=nocrs" and report a bug
[    0.267381] ACPI: Enabled 2 GPEs in block 00 to 07
[    0.277894] ACPI: PCI Root Bridge [PCI0] (domain 0000 [bus 00-ff])
[    0.279780] acpi PNP0A03:00: _OSC: OS supports [ASPM ClockPM Segments MSI]
[    0.280070] acpi PNP0A03:00: _OSC: not requesting OS control; OS requires [ExtendedConfig ASPM ClockPM MSI]
[    0.284025] acpi PNP0A03:00: fail to add MMCONFIG information, can't access extended PCI configuration space under this bridge.
[    0.288602] PCI host bridge to bus 0000:00
[    0.289710] pci_bus 0000:00: root bus resource [io  0x0000-0x0cf7 window]
[    0.292009] pci_bus 0000:00: root bus resource [io  0x0d00-0xffff window]
[    0.296006] pci_bus 0000:00: root bus resource [mem 0x000a0000-0x000bffff window]
[    0.300010] pci_bus 0000:00: root bus resource [mem 0x40000000-0xfdffffff window]
[    0.304009] pci_bus 0000:00: root bus resource [bus 00-ff]
[    0.310620] pci 0000:00:01.1: legacy IDE quirk: reg 0x10: [io  0x01f0-0x01f7]
[    0.312005] pci 0000:00:01.1: legacy IDE quirk: reg 0x14: [io  0x03f6]
[    0.316004] pci 0000:00:01.1: legacy IDE quirk: reg 0x18: [io  0x0170-0x0177]
[    0.317598] pci 0000:00:01.1: legacy IDE quirk: reg 0x1c: [io  0x0376]
[    0.355356] pci 0000:00:07.0: quirk: [io  0x4000-0x403f] claimed by PIIX4 ACPI
[    0.356033] pci 0000:00:07.0: quirk: [io  0x4100-0x410f] claimed by PIIX4 SMB
[    0.371873] ACPI: PCI Interrupt Link [LNKA] (IRQs 5 9 10 *11)
[    0.372617] ACPI: PCI Interrupt Link [LNKB] (IRQs 5 9 *10 11)
[    0.376233] ACPI: PCI Interrupt Link [LNKC] (IRQs 5 *9 10 11)
[    0.380236] ACPI: PCI Interrupt Link [LNKD] (IRQs 5 9 10 *11)
[    0.382237] SCSI subsystem initialized
[    0.384098] pci 0000:00:02.0: vgaarb: setting as boot VGA device
[    0.385435] pci 0000:00:02.0: vgaarb: VGA device added: decodes=io+mem,owns=io+mem,locks=none
[    0.388008] pci 0000:00:02.0: vgaarb: bridge control possible
[    0.389380] vgaarb: loaded
[    0.390148] ACPI: bus type USB registered
[    0.391200] usbcore: registered new interface driver usbfs
[    0.392021] usbcore: registered new interface driver hub
[    0.393320] usbcore: registered new device driver usb
[    0.394628] EDAC MC: Ver: 3.0.0
[    0.396329] PCI: Using ACPI for IRQ routing
[    0.397483] NetLabel: Initializing
[    0.398453] NetLabel:  domain hash size = 128
[    0.400005] NetLabel:  protocols = UNLABELED CIPSOv4 CALIPSO
[    0.401361] NetLabel:  unlabeled traffic allowed by default
[    0.404015] clocksource: Switched to clocksource kvm-clock
[    0.421912] VFS: Disk quotas dquot_6.6.0
[    0.431532] VFS: Dquot-cache hash table entries: 52 (order 0, 4096 bytes)
   0898] AppArmor: AppArmor Filesstem Eabed
[  0.774647] pnp: PnP ACPI init
[    0.836035] pnp: PnP ACPI: found 3 devices

[    0.854809] clocksource: acpi_pm: mask: 0xffffff max_cycles: 0xffffff, max_idle_ns: 2085701024 ns
[    0.857605] NET: Registered protocol famil2

[    0.928020] TCP established hash table entries: 8192 (order: 4, 65536 bytes)
[    963292] TCP bind hash table entries: 8192 (order: 5, 131072 bytes)
[    1.030671] TCP: Hash tables configured (established 8192 bind 8192)
[   1.03259] DPash table entries: 512 (order: 2, 16384 bytes)
[    1.180097] UDP-Li hash table entries: 512 (order: 2, 16384 bytes)
[    1.239049] NET: Registered protocol family 1
[    1.240464] pci 0000:00:00.0: Liming direct PCI/PCtransfers
[    1.372725] pci 0000:00:01.0: Activating ISA DMA hang workarounds
[    1.375053] pci 0000:00:02.0: Video device with shadowed ROM at [mem 0x000c0000-0x000dffff]
[    1.378805] Unpacking initramfs...

[    1.820812] Freeing initrd memory: 19204K
[    1.827376] clocksource: tsc: mask: 0xffffffffffffffff max_cycles: 0x3992eaaa733, max_idle_ns: 881590731430 ns
[    1.831012] platform rtc_cmos: registered platform RTC device (no PNP device found)
[    1.833247] Scanning for low memory corruption every 60 seconds
[    1.836251] Initialise system trusted keyrings
[    1.841453] Key type blacklist registered
[    1.842632] workingset: timestamp_bits=36 max_order=18 bucket_order=0
[    1.846079] zbud: loaded
[    1.857463] squashfs: version 4.0 (2009/01/31) Phillip Lougher
[    1.859673] fuse init (API version 7.26)
[    1.865768] Key type asymmetric registered
[    1.869268] Asymmetric key parser 'x509' registered
[    1.870779] Block layer SCSI generic (bsg) driver version 0.4 loaded (major 246)
[    1.873578] io scheduler noop registered
[    1.885651] io scheduler deadline registered
[    1.887151] io scheduler cfq registered (default)
[    1.889190] ACPI: AC Adapter [AC] (on-line)
[    1.890689] input: Power Button as /devices/LNXSYSTM:00/LNXPWRBN:00/input/input0
[    1.901266] ACPI: Power Button [PWRF]
[    1.902324] input: Sleep Button as /devices/LNXSYSTM:00/LNXSLPBN:00/input/input1
[    1.904287] ACPI: Sleep Button [SLPF]
[    1.906783] ACPI: Battery Slot [BAT0] (battery present)
[    1.908340] Serial: 8250/16550 driver, 32 ports, IRQ sharing enabled
[    1.933108] 00:02: ttyS0 at I/O 0x3f8 (irq = 4, base_baud = 115200) is a 16550A
[    1.963833] Linux agpgart interface v0.103
[    1.980296] loop: module loaded
[    1.981919] scsi host0: ata_piix
[    1.982958] scsi host1: ata_piix
[    1.983827] ata1: PATA max UDMA/33 cmd 0x1f0 ctl 0x3f6 bmdma 0xd000 irq 14
[    1.985460] ata2: PATA max UDMA/33 cmd 0x170 ctl 0x376 bmdma 0xd008 irq 15
[    1.987589] libphy: Fixed MDIO Bus: probed
[    1.988988] tun: Universal TUN/TAP device driver, 1.6
[    1.995731] PPP generic driver version 2.4.2
[    1.997082] ehci_hcd: USB 2.0 'Enhanced' Host Controller (EHCI) Driver
[    2.002417] ehci-pci: EHCI PCI platform driver
[    2.004244] ehci-platform: EHCI generic platform driver
[    2.011601] ohci_hcd: USB 1.1 'Open' Host Controller (OHCI) Driver
[    2.013658] ohci-pci: OHCI PCI platform driver
[    2.020459] ohci-platform: OHCI generic platform driver
[    2.022116] uhci_hcd: USB Universal Host Controller Interface driver
[    2.029575] i8042: PNP: PS/2 Controller [PNP0303:PS2K,PNP0f03:PS2M] at 0x60,0x64 irq 1,12
[    2.052572] serio: i8042 KBD port at 0x60,0x64 irq 1
[    2.067928] serio: i8042 AUX port at 0x60,0x64 irq 12
[    2.096600] mousedev: PS/2 mouse device common for all mice
[    2.138092] input: AT Translated Set 2 keyboard as /devices/platform/i8042/serio0/input/input2
[    2.140307] rtc_cmos rtc_cmos: rtc core: registered rtc_cmos as rtc0
[    2.195973] rtc_cmos rtc_cmos: alarms up to one day, 114 bytes nvram
[    2.229591] i2c /dev entries driver
[    2.233698] device-mapper: uevent: version 1.0.3
[    2.235731] device-mapper: ioctl: 4.37.0-ioctl (2017-09-20) initialised: dm-devel@redhat.com
[    2.240510] ledtrig-cpu: registered to indicate activity on CPUs
[    2.261293] NET: Registered protocol family 10
[    2.268084] Segment Routing with IPv6
[    2.269374] NET: Registered protocol family 17
[    2.271194] Key type dns_resolver registered
[    2.272935] mce: Using 0 MCE banks
[    2.273825] RAS: Correctable Errors collector initialized.
[    2.279224] sched_clock: Marking stable (2279166371, 0)->(2928362106, -649195735)
[    2.302452] registered taskstats version 1
[    2.321444] Loading compiled-in X.509 certificates
[    2.366465] Loaded X.509 cert 'Build time autogenerated kernel key: d019e8c5f4cbc828f6af43369f65a014a3a68371'
[    2.369713] zswap: loaded using pool lzo/zbud
[    2.396134] Key type big_key registered
[    2.410776] Key type trusted registered
[    2.416813] Key type encrypted registered
[    2.418341] AppArmor: AppArmor sha1 policy hashing enabled
[    2.423548] ima: No TPM chip found, activating TPM-bypass! (rc=-19)
[    2.440463] ima: Allocated hash algorithm: sha1
[    2.460415] evm: HMAC attrs: 0x1
[    2.462695]   Magic number: 12:634:732
[    2.464243] rtc_cmos rtc_cmos: setting system clock to 2020-03-24 11:44:13 UTC (1585050253)
[    2.489547] BIOS EDD facility v0.16 2004-Jun-25, 0 devices found
[    2.496894] EDD information not available.
[    2.546369] Freeing unused kernel image memory: 2432K
[    2.589130] Write protecting the kernel read-only data: 20480k
[    2.592764] Freeing unused kernel image memory: 2008K
[    2.596657] Freeing unused kernel image memory: 1880K
[    2.611176] x86/mm: Checked W+X mappings: passed, no W+X pages found.
[    2.614162] x86/mm: Checking user space page tables
[    2.627875] x86/mm: Checked W+X mappings: passed, no W+X pages found.
Loading, please wait...
starting version 237
[    2.827983] Fusion MPT base driver 3.04.20
[    2.853496] Copyright (c) 1999-2008 LSI Corporation
[    2.863063] e1000: Intel(R) PRO/1000 Network Driver - version 7.3.21-k8-NAPI
[    2.865313] e1000: Copyright (c) 1999-2006 Intel Corporation.
[    2.882125] AVX2 version of gcm_enc/dec engaged.
[    2.904878] AES CTR mode by8 optimization enabled
[    2.947393] Fusion MPT SPI Host driver 3.04.20
[    3.146313] input: ImExPS/2 Generic Explorer Mouse as /devices/platform/i8042/serio1/input/input4
[    3.403188] e1000 0000:00:03.0 eth0: (PCI:33MHz:32-bit) 02:9c:31:18:9c:f3
[    3.412011] e1000 0000:00:03.0 eth0: Intel(R) PRO/1000 Network Connection
[    3.415793] mptbase: ioc0: Initiating bringup
[    3.415872] e1000 0000:00:03.0 enp0s3: renamed from eth0
[    3.520477] ioc0: LSI53C1030 A0: Capabilities={Initiator}
[    3.769409] scsi host2: ioc0: LSI53C1030 A0, FwRev=00000000h, Ports=1, MaxQ=256, IRQ=20
[    3.940646] scsi 2:0:0:0: Direct-Access     VBOX     HARDDISK         1.0  PQ: 0 ANSI: 5
[    3.972089] scsi target2:0:0: Beginning Domain Validation
[    3.983450] scsi target2:0:0: Domain Validation skipping write tests
[    4.020336] scsi target2:0:0: Ending Domain Validation
[    4.023993] scsi target2:0:0: asynchronous
[    4.028437] scsi 2:0:1:0: Direct-Access     VBOX     HARDDISK         1.0  PQ: 0 ANSI: 5
[    4.064125] scsi target2:0:1: Beginning Domain Validation
[    4.067872] random: fast init done
[    4.081016] scsi target2:0:1: Domain Validation skipping write tests
[    4.083150] scsi target2:0:1: Ending Domain Validation
[    4.096650] scsi target2:0:1: asynchronous
[    4.105410] random: systemd-udevd: uninitialized urandom read (16 bytes read)
[    4.105612] sd 2:0:0:0: Attached scsi generic sg0 type 0
[    4.108611] sd 2:0:0:0: [sda] 20971520 512-byte logical blocks: (10.7 GB/10.0 GiB)
[    4.114413] sd 2:0:1:0: Attached scsi generic sg1 type 0
[    4.128487] random: systemd-udevd: uninitialized urandom read (16 bytes read)
[    4.155168] random: systemd-udevd: uninitialized urandom read (16 bytes read)
[    4.155244] sd 2:0:0:0: [sda] Write Protect is off
[    4.185987] sd 2:0:1:0: [sdb] 20480 512-byte logical blocks: (10.5 MB/10.0 MiB)
[    4.189004] sd 2:0:1:0: [sdb] Write Protect is off
[    4.190825] sd 2:0:0:0: [sda] Incomplete mode parameter data
[    4.220108] sd 2:0:0:0: [sda] Assuming drive cache: write through
[    4.220455] sd 2:0:1:0: [sdb] Incomplete mode parameter data
[    4.253946] sd 2:0:1:0: [sdb] Assuming drive cache: write through
[    4.274840]  sda: sda1
[    4.298749] sd 2:0:0:0: [sda] Attached SCSI disk
[    4.301183] sd 2:0:1:0: [sdb] Attached SCSI disk
Begin: Loading essential drivers ... [    6.080786] raid6: sse2x1   gen()  4058 MB/s
[    6.139085] raid6: sse2x1   xor()  4314 MB/s
[    6.209070] raid6: sse2x2   gen()  6497 MB/s
[    6.279044] raid6: sse2x2   xor()  4763 MB/s
[    6.329053] raid6: sse2x4   gen()  7473 MB/s
[    6.379118] raid6: sse2x4   xor()  4766 MB/s
[    6.429041] raid6: avx2x1   gen()  9481 MB/s
[    6.488988] raid6: avx2x1   xor()  8337 MB/s
[    6.540437] raid6: avx2x2   gen() 13874 MB/s
[    6.592818] raid6: avx2x2   xor()  7536 MB/s
[    6.644339] raid6: avx2x4   gen() 13628 MB/s
[    6.693831] raid6: avx2x4   xor()  9419 MB/s
[    6.695362] raid6: using algorithm avx2x2 gen() 13874 MB/s
[    6.698281] raid6: .... xor() 7536 MB/s, rmw enabled
[    6.700110] raid6: using avx2x2 recovery algorithm
[    6.703388] xor: automatically using best checksumming function   avx       
[    6.707662] async_tx: api initialized (async)
done.
Begin: Running /scripts/init-premount ... done.
Begin: Mounting root file system ... Begin: Running /scripts/local-top ... done.
Begin: Running /scripts/local-premount ... [    6.830628] Btrfs loaded, crc32c=crc32c-intel
Scanning for Btrfs filesystems
done.
Warning: fsck not present, so skipping root file system
[    7.401471] EXT4-fs (sda1): mounted filesystem with ordered data mode. Opts: (null)
done.
Begin: Running /scripts/local-bottom ... done.
Begin: Running /scripts/init-bottom ... done.
[    8.575319] ip_tables: (C) 2000-2006 Netfilter Core Team
[    8.785799] systemd[1]: systemd 237 running in system mode. (+PAM +AUDIT +SELINUX +IMA +APPARMOR +SMACK +SYSVINIT +UTMP +LIBCRYPTSETUP +GCRYPT +GNUTLS +ACL +XZ +LZ4 +SECCOMP +BLKID +ELFUTILS +KMOD -IDN2 +IDN -PCRE2 default-hierarchy=hybrid)
[    8.863924] systemd[1]: Detected virtualization oracle.
[    8.871064] systemd[1]: Detected architecture x86-64.

Welcome to [1mUbuntu 18.04.4 LTS[0m!

[    9.009880] systemd[1]: Set hostname to <ubuntu>.
[   10.563187] random: crng init done
[   10.566967] random: 7 urandom warning(s) missed due to ratelimiting
[   10.667889] systemd[1]: Initializing machine ID from random generator.
[   10.710302] systemd[1]: Installed transient /etc/machine-id file.
[   14.812017] systemd[1]: Started Forward Password Requests to Wall Directory Watch.
[[0;32m  OK  [0m] Started Forward Password Requests to Wall Directory Watch.
[   14.821673] systemd[1]: Reached target Swap.
[[0;32m  OK  [0m] Reached target Swap.
[   14.846409] systemd[1]: Reached target User and Group Name Lookups.
[[0;32m  OK  [0m] Reached target User and Group Name Lookups.
[   14.859157] systemd[1]: Created slice System Slice.
[[0;32m  OK  [0m] Created slice System Slice.
[   14.863923] systemd[1]: Listening on Device-mapper event daemon FIFOs.
[[0;32m  OK  [0m] Listening on Device-mapper event daemon FIFOs.
[   14.895986] systemd[1]: Listening on Syslog Socket.
[[0;32m  OK  [0m] Listening on Syslog Socket.
[   14.901656] systemd[1]: Created slice system-serial\x2dgetty.slice.
[[0;32m  OK  [0m] Created slice system-serial\x2dgetty.slice.
[   14.907514] systemd[1]: Listening on /dev/initctl Compatibility Named Pipe.
[[0;32m  OK  [0m] Listening on /dev/initctl Compatibility Named Pipe.
[   14.939010] systemd[1]: Listening on LVM2 metadata daemon socket.
[[0;32m  OK  [0m] Listening on LVM2 metadata daemon socket.
[   14.944862] systemd[1]: Listening on Network Service Netlink Socket.
[[0;32m  OK  [0m] Listening on Network Service Netlink Socket.
[[0;32m  OK  [0m] Listening on Journal Audit Socket.
[[0;32m  OK  [0m] Listening on Journal Socket (/dev/log).
[[0;32m  OK  [0m] Reached target System Time Synchronized.
[[0;32m  OK  [0m] Listening on udev Kernel Socket.
[[0;32m  OK  [0m] Set up automount Arbitrary Executabâ€¦rmats File System Automount Point.
[[0;32m  OK  [0m] Created slice User and Session Slice.
[[0;32m  OK  [0m] Reached target Slices.
[[0;32m  OK  [0m] Listening on LVM2 poll daemon socket.
[[0;32m  OK  [0m] Listening on udev Control Socket.
[[0;32m  OK  [0m] Listening on Journal Socket.
         Starting Monitoring of LVM2 mirrorsâ€¦ng dmeventd or progress polling...
         Starting Uncomplicated firewall...
         Mounting Kernel Debug File System...
         Mounting POSIX Message Queue File System...
         Starting Create list of required stâ€¦ce nodes for the current kernel...
         Starting Journal Service...
         Starting Remount Root and Kernel File Systems...
         Mounting Huge Pages File System...
         Starting Load Kernel Modules...
         Starting Set the console keyboard layout...
         Starting udev Coldplug all Devices...
[[0;32m  OK  [0m] Started Uncomplicated firewall.
[[0;32m  OK  [0m] Mounted Kernel Debug File System.
[[0;32m  OK  [0m] Mounted POSIX Message Queue File System.
[[0;32m  OK  [0m] Started Create list of required staâ€¦vice nodes for the current kernel.
[[0;32m  OK  [0m] Started Journal Service.
[[0;32m  OK  [0m] Mounted Huge Pages File System.
         Starting Create Static Device Nodes in /dev...
[   16.632115] EXT4-fs (sda1): re-mounted. Opts: (null)
[[0;32m  OK  [0m] Started Remount Root and Kernel File Systems.
[   16.673572] Loading iSCSI transport class v2.0-870.
         Starting Flush Journal to Persistent Storage...
         Starting Load/Save Random Seed...
[   16.905757] iscsi: registered transport (tcp)
[[0;32m  OK  [0m] Started udev Coldplug all Devices.
[   17.079535] systemd-journald[392]: Received request to flush runtime journal from PID 1
[[0;32m  OK  [0m] Started Load/Save Random Seed.
[   17.168178] iscsi: registered transport (iser)
[[0;32m  OK  [0m] Started Load Kernel Modules.
         Starting Apply Kernel Variables...
         Mounting Kernel Configuration File System...
         Mounting FUSE Control File System...
[[0;32m  OK  [0m] Mounted Kernel Configuration File System.
[[0;32m  OK  [0m] Mounted FUSE Control File System.
[[0;32m  OK  [0m] Started LVM2 metadata daemon.
[[0;32m  OK  [0m] Started Create Static Device Nodes in /dev.
         Starting udev Kernel Device Manager...
[[0;32m  OK  [0m] Started Flush Journal to Persistent Storage.
[[0;32m  OK  [0m] Started Apply Kernel Variables.
[[0;32m  OK  [0m] Started Monitoring of LVM2 mirrors,â€¦sing dmeventd or progress polling.
[[0;32m  OK  [0m] Started udev Kernel Device Manager.
[[0;32m  OK  [0m] Found device /dev/ttyS0.
[[0;32m  OK  [0m] Listening on Load/Save RF Kill Switch Status /dev/rfkill Watch.
[[0;32m  OK  [0m] Started Set the console keyboard layout.
[[0;32m  OK  [0m] Started Dispatch Password Requests to Console Directory Watch.
[[0;32m  OK  [0m] Reached target Local Encrypted Volumes.
[[0;32m  OK  [0m] Reached target Local File Systems (Pre).
[[0;32m  OK  [0m] Reached target Local File Systems.
         Starting Tell Plymouth To Write Out Runtime Data...
         Starting Commit a transient machine-id on disk...
         Starting AppArmor initialization...
         Starting Create Volatile Files and Directories...
         Starting ebtables ruleset management...
         Starting Set console font and keymap...
[[0;32m  OK  [0m] Started Tell Plymouth To Write Out Runtime Data.
[[0;32m  OK  [0m] Started Set console font and keymap.
[[0;32m  OK  [0m] Started Commit a transient machine-id on disk.
[[0;32m  OK  [0m] Started Create Volatile Files and Directories.
         Starting Update UTMP about System Boot/Shutdown...
[[0;32m  OK  [0m] Started Update UTMP about System Boot/Shutdown.
[[0;32m  OK  [0m] Started ebtables ruleset management.
[[0;32m  OK  [0m] Started AppArmor initialization.
         Starting Initial cloud-init job (pre-networking)...
[   34.996252] cloud-init[676]: Cloud-init v. 19.4-33-gbb4131a2-0ubuntu1~18.04.1 running 'init-local' at Tue, 24 Mar 2020 11:44:45 +0000. Up 34.00 seconds.
[[0;32m  OK  [0m] Started Initial cloud-init job (pre-networking).
[[0;32m  OK  [0m] Reached target Network (Pre).
         Starting Network Service...
[[0;32m  OK  [0m] Started Network Service.
         Starting Wait for Network to be Configured...
         Starting Network Name Resolution...
[[0;32m  OK  [0m] Started Network Name Resolution.
[[0;32m  OK  [0m] Reached target Network.
[[0;32m  OK  [0m] Reached target Host and Network Name Lookups.
[[0;32m  OK  [0m] Started Wait for Network to be Configured.
         Starting Initial cloud-init job (metadata service crawler)...
[   38.387531] cloud-init[809]: Cloud-init v. 19.4-33-gbb4131a2-0ubuntu1~18.04.1 running 'init' at Tue, 24 Mar 2020 11:44:48 +0000. Up 37.92 seconds.
[   38.401525] cloud-init[809]: ci-info: ++++++++++++++++++++++++++++++++++++++Net device info++++++++++++++++++++++++++++++++++++++
[   38.444590] cloud-init[809]: ci-info: +--------+------+----------------------------+---------------+--------+-------------------+
[   38.534671] cloud-init[809]: ci-info: | Device |  Up  |          Address           |      Mask     | Scope  |     Hw-Address    |
[   38.558974] cloud-init[809]: ci-info: +--------+------+----------------------------+---------------+--------+-------------------+
[   38.577029] cloud-init[809]: ci-info: | enp0s3 | True |         10.0.2.15          | 255.255.255.0 | global | 02:9c:31:18:9c:f3 |
[   38.584241] cloud-init[809]: ci-info: | enp0s3 | True | fe80::9c:31ff:fe18:9cf3/64 |       .       |  link  | 02:9c:31:18:9c:f3 |
[   38.612569] cloud-init[809]: ci-info: |   lo   | True |         127.0.0.1          |   255.0.0.0   |  host  |         .         |
[   38.633683] cloud-init[809]: ci-info: |   lo   | True |          ::1/128           |       .       |  host  |         .         |
[   38.660124] cloud-init[809]: ci-info: +--------+------+----------------------------+---------------+--------+-------------------+
[   38.692562] cloud-init[809]: ci-info: ++++++++++++++++++++++++++++Route IPv4 info+++++++++++++++++++++++++++++
[   38.725375] cloud-init[809]: ci-info: +-------+-------------+----------+-----------------+-----------+-------+
[   38.730117] cloud-init[809]: ci-info: | Route | Destination | Gateway  |     Genmask     | Interface | Flags |
[   38.737632] cloud-init[809]: ci-info: +-------+-------------+----------+-----------------+-----------+-------+
[   38.768995] cloud-init[809]: ci-info: |   0   |   0.0.0.0   | 10.0.2.2 |     0.0.0.0     |   enp0s3  |   UG  |
[   38.777480] cloud-init[809]: ci-info: |   1   |   10.0.2.0  | 0.0.0.0  |  255.255.255.0  |   enp0s3  |   U   |
[   38.799823] cloud-init[809]: ci-info: |   2   |   10.0.2.2  | 0.0.0.0  | 255.255.255.255 |   enp0s3  |   UH  |
[   38.804544] cloud-init[809]: ci-info: +-------+-------------+----------+-----------------+-----------+-------+
[   38.810993] cloud-init[809]: ci-info: +++++++++++++++++++Route IPv6 info+++++++++++++++++++
[   38.817154] cloud-init[809]: ci-info: +-------+-------------+---------+-----------+-------+
[   38.828270] cloud-init[809]: ci-info: | Route | Destination | Gateway | Interface | Flags |
[   38.832286] cloud-init[809]: ci-info: +-------+-------------+---------+-----------+-------+
[   38.859608] cloud-init[809]: ci-info: |   1   |  fe80::/64  |    ::   |   enp0s3  |   U   |
[   38.862233] cloud-init[809]: ci-info: |   3   |    local    |    ::   |   enp0s3  |   U   |
[   38.873865] cloud-init[809]: ci-info: |   4   |   ff00::/8  |    ::   |   enp0s3  |   U   |
[   38.878367] cloud-init[809]: ci-info: +-------+-------------+---------+-----------+-------+
[   42.393271] cloud-init[809]: Generating public/private rsa key pair.
[[   42.486493] cloud-init[809]: Your identification has been saved in /etc/ssh/ssh_host_rsa_key.
[   42.486804] cloud-init[809]: Your public key has been saved in /etc/ssh/ssh_host_rsa_key.pub.
[0;32m  OK  [0m] Started Initial cloud-init job (metadata service crawler).
[   42.487486] cloud-init[809]: The key fingerprint is:
[[   42.568714] cloud-init[809]: SHA256:ZzQN591Pqkq/Drj85S6IqZHjHUT3pQki50l0tdigLKE root@ubuntu-bionic
[   42.569186] cloud-init[809]: The key's randomart image is:
[0;32m  OK  [0m] Reached target Network is Online.
[   42.569423] cloud-init[809]: +---[RSA 2048]----+
[   42.640300] cloud-init[809]: |    . . o.o .    |
[   42.656364] cloud-init[809]: |   . + o + * . . |
[   42.662610] cloud-init[809]: |  E o B + = + . o|
[   42.688331] cloud-init[809]: |     B + + =   o.|
[   42.709346] cloud-init[809]: |      + S *   . .|
[   42.732346] cloud-init[809]: |     o   +   .   |
         [   42.776394] Starting Availability of block devices...cloud-init
[809]: |    + .o..o o    |
[[   42.808731] cloud-init[809]: |   . +oo.o.*     |
[   42.809050] cloud-init[809]: |    o.. o.o+*.   |
[0;32m  OK  [0m] Reached target Remote File Systems (Pre).
[   42.809352] cloud-init[809]: +----[SHA256]-----+
[[0;32m  OK  [0m] Reached target Remote File Systems.
[   42.886702] cloud-init[809]: Generating public/private dsa key pair.
[[0;32m  OK  [0m] Reached target System Initialization.
[   42.921042] cloud-init[809]: Your identification has been saved in /etc/ssh/ssh_host_dsa_key.
[   42.985380] cloud-init[809]: Your public key has been saved in /etc/ssh/ssh_host_dsa_key.pub.
[   43.016397] cloud-init[809]: The key fingerprint is:
[   43.060337] cloud-init[809]: SHA256:SwQnmdQJz8EoD3ZrUf7Md/Sn2d1gADqaqkU3Hhn66pI root@ubuntu-bionic
[   43.065054] cloud-init[809]: The key's randomart image is:
[   43.069900] cloud-init[809]: +---[DSA 1024]----+
[   43.124407] cloud-init[809]: |     .=O+..      |
         [   43.164410] Starting LXD - unix socket.cloud-init
[809]: |    + *B+o .     |
[[0;32m  OK  [0m[   43.232544] ] cloud-initListening on D-Bus System Message Bus Socket.[809]: 
|   . =.oB   . .  |
[   43.317803] cloud-init[809]: |     .+* =   o . |
[   43.352370] cloud-init[809]: |    o.B S + . + o|
[   43.375129] cloud-init[809]: |   . = + . . o =+|
[   43.392391] cloud-init[809]: |   .o o .     o +|
[   43.415219] cloud-init[809]: |  Eo .           |
[   43.454663] cloud-init[809]: |  .oo            |
[   43.484404] cloud-init[809]: +----[SHA256]-----+
[[0;32m  OK  [0m] Started ACPI Events Check.
[[0;32m  OK  [0m] Started Discard unused blocks once a week.
[[0;32m  OK  [0m] Listening on ACPID Listen Socket.
[[0;32m  OK  [0m] Started Message of the Day.
[   43.527480] cloud-init[809]: Generating public/private ecdsa key pair.
[   43.689212] cloud-init[809]: Your identification has been saved in /etc/ssh/ssh_host_ecdsa_key.
[[   43.701029] cloud-init[809]: Your public key has been saved in /etc/ssh/ssh_host_ecdsa_key.pub.
[   43.701460] cloud-init[809]: The key fingerprint is:
[0;32m  OK  [0m] Listening on Open-iSCSI iscsid Socket.
[[   43.702329] cloud-init[809]: SHA256:DF/6wAcuFnTHPCkrtTem69kZv6kpzs/NmDqwhCi+Fu4 root@ubuntu-bionic
[   43.760614] cloud-init[809]: The key's randomart image is:
[0;32m  OK  [0m] Reached target Paths.
[   43.761412] cloud-init[809]: +---[ECDSA 256]---+
[[   43.797227] cloud-init[809]: |      . .o..     |
[0;32m  OK  [0m] Listening on UUID daemon activation socket.
[   43.798875] cloud-init[809]: |     . .o.=      |
[[0;32m  OK  [0m] Started Daily Cleanup of Temporary Directories.
[   43.821192] cloud-init[809]: |      o..+..     |
[[0;32m  OK  [0m[   43.848678] cloud-init[809]: |      .Bo++      |
[   43.849375] cloud-init[809]: |   . .o.S+..     |
[   43.849960] cloud-init[809]: |... ..o..+       |
[   43.850591] cloud-init[809]: |o..  . o .o      |
[   43.851202] cloud-init[809]: | +    ..++ X .   |
[   43.851859] cloud-init[809]: |oE.    o*=X.*.   |
[   43.854239] cloud-init[809]: +----[SHA256]-----+
] Started Daily apt download activities.
[   43.854426] cloud-init[809]: Generating public/private ed25519 key pair.
         [   43.991597] Starting Socket activation for snappy daemon.cloud-init
[809]: Your identification has been saved in /etc/ssh/ssh_host_ed25519_key.
[[   44.064436] cloud-init[809]: Your public key has been saved in /etc/ssh/ssh_host_ed25519_key.pub.
[   44.064795] cloud-init[809]: The key fingerprint is:
[   44.065592] cloud-init[809]: SHA256:MkQSvRNy23XwG1B3SZxcCIdThDfPxhunkKcknXUylug root@ubuntu-bionic
[0;32m  OK  [0m] Started Daily apt upgrade and clean activities.
[   44.066576] cloud-init[809]: The key's randomart image is:
[[0;32m  OK  [0m] Reached target Timers.
[   44.102133] cloud-init[809]: +--[ED25519 256]--+
[[0;32m  OK  [0m] Reached target Cloud-config availability.
[   44.143342] cloud-init[809]: |    oo.   oooBO+*|
[[0;32m  OK  [0m[   44.199715] cloud-init[809]: |    .o+   .o*oX*.|
[   44.200440] cloud-init[809]: |     o.= . +oB O |
[   44.200779] cloud-init[809]: |     .+ . . Eo..*|
[   44.201139] cloud-init[809]: |      o.S  o.+ o+|
[   44.201517] cloud-init[809]: |       o    . .. |
[   44.201856] cloud-init[809]: |                 |
[   44.202194] cloud-init[809]: |                 |
[   44.203060] cloud-init[809]: |                 |
[   44.203281] cloud-init[809]: +----[SHA256]-----+
] Started Availability of block devices.
[[0;32m  OK  [0m] Listening on LXD - unix socket.
[[0;32m  OK  [0m] Listening on Socket activation for snappy daemon.
[[0;32m  OK  [0m] Reached target Sockets.
[[0;32m  OK  [0m] Reached target Basic System.
         Starting Virtualbox guest utils...
         Starting Pollinate to seed the pseudo random number generator...
[[0;32m  OK  [0m] Started irqbalance daemon.
         Starting Permit User Sessions...
[[0;32m  OK  [0m] Started Regular background program processing daemon.
[[0;32m  OK  [0m] Started FUSE filesystem for LXC.
[[0;32m  OK  [0m] Started Deferred execution scheduler.
         Starting Login Service...
         Starting LSB: automatic crash report generation...
         Starting LSB: Record successful boot for GRUB...
         Starting Accounts Service...
[[0;32m  OK  [0m] Started D-Bus System Message Bus.
[[0;32m  OK  [0m] Started Login Service.
[[0;32m  OK  [0m] Started Unattended Upgrades Shutdown.
         Starting Dispatcher daemon for systemd-networkd...
         Starting LXD - container startup/shutdown...
         Starting System Logging Service...
         Starting Snappy daemon...
[[0;32m  OK  [0m] Started Permit User Sessions.
         Starting Authorization Manager...
         Starting Terminate Plymouth Boot Screen...
         Starting Hold until boot process finishes up...
[[0;32m  OK  [0m] Started Terminate Plymouth Boot Screen.
[[0;32m  OK  [0m] Started Hold until boot process finishes up.
[[0;32m  OK  [0m] Started Serial Getty on ttyS0.
         Starting Set console scheme...
[[0;32m  OK  [0m] Started LSB: automatic crash report generation.
[[0;32m  OK  [0m] Started Set console scheme.
[[0;32m  OK  [0m] Created slice system-getty.slice.
[[0;32m  OK  [0m] Started Getty on tty1.
[[0;32m  OK  [0m] Reached target Login Prompts.
[[0;32m  OK  [0m] Started LSB: Record successful boot for GRUB.
[[0;32m  OK  [0m] Started System Logging Service.
[[0;32m  OK  [0m] Started Authorization Manager.
[[0;32m  OK  [0m] Started Accounts Service.
[[0;32m  OK  [0m] Started Virtualbox guest utils.

Ubuntu 18.04.4 LTS ubuntu-bionic ttyS0

ubuntu-bionic login: [   69.036423] cloud-init[1672]: Cloud-init v. 19.4-33-gbb4131a2-0ubuntu1~18.04.1 running 'modules:config' at Tue, 24 Mar 2020 11:45:14 +0000. Up 63.88 seconds.
ci-info: no authorized SSH keys fingerprints found for user ubuntu.
<14>Mar 24 11:45:22 ec2: 
<14>Mar 24 11:45:22 ec2: #############################################################
<14>Mar 24 11:45:22 ec2: -----BEGIN SSH HOST KEY FINGERPRINTS-----
<14>Mar 24 11:45:22 ec2: 1024 SHA256:SwQnmdQJz8EoD3ZrUf7Md/Sn2d1gADqaqkU3Hhn66pI root@ubuntu-bionic (DSA)
<14>Mar 24 11:45:22 ec2: 256 SHA256:DF/6wAcuFnTHPCkrtTem69kZv6kpzs/NmDqwhCi+Fu4 root@ubuntu-bionic (ECDSA)
<14>Mar 24 11:45:22 ec2: 256 SHA256:MkQSvRNy23XwG1B3SZxcCIdThDfPxhunkKcknXUylug root@ubuntu-bionic (ED25519)
<14>Mar 24 11:45:22 ec2: 2048 SHA256:ZzQN591Pqkq/Drj85S6IqZHjHUT3pQki50l0tdigLKE root@ubuntu-bionic (RSA)
<14>Mar 24 11:45:22 ec2: -----END SSH HOST KEY FINGERPRINTS-----
<14>Mar 24 11:45:22 ec2: #############################################################
-----BEGIN SSH HOST KEY KEYS-----
ecdsa-sha2-nistp256 AAAAE2VjZHNhLXNoYTItbmlzdHAyNTYAAAAIbmlzdHAyNTYAAABBBHvchbMYcnxMhiWnHddOQxLHhGh+rRCBqv0dahXHiWj+tManeA7SadduXG04pV2ekV2PEEZCkmjTyUM42W+Hfq4= root@ubuntu-bionic
ssh-ed25519 AAAAC3NzaC1lZDI1NTE5AAAAICk1WVh8XGT4W/U4fqQD223pVuNTtPnxi9LmTZmotAfm root@ubuntu-bionic
ssh-rsa AAAAB3NzaC1yc2EAAAADAQABAAABAQDDGg94Fe/4M+2LX6jBYNNBPtVXO1s1z/0JIqym8V64IsvgSCGcIOYrZLv9aMPzW2x/Lqvbn8Ehg7sUWZ+LyGBrE+ytiQNSsAoIhcAE52NaOhLzJdK3TWNnPa46LaudtPzClTxquAZ15Ciwk616NOWjN1U9YxkkxS6th5aGR00zwesEmiMHMTgrlNFly9oxceuLiPf/j9jxmnZjwM6w5ZAPKwHvYksw5rFKWE/Xkn4fizWEvM1Tlwl1Ba26ejR8jYhl4lNVVSZ0c7UGn88/7vGBtW0PbIrYQFz7A1UWlPsa4ZP9MaH6vkqxPJSd8rBVlptwZC+hpiNocWxfsRxK6K6F root@ubuntu-bionic
-----END SSH HOST KEY KEYS-----
[   71.346979] cloud-init[1816]: Cloud-init v. 19.4-33-gbb4131a2-0ubuntu1~18.04.1 running 'modules:final' at Tue, 24 Mar 2020 11:45:20 +0000. Up 69.76 seconds.
[   71.347432] cloud-init[1816]: ci-info: no authorized SSH keys fingerprints found for user ubuntu.
[   71.347635] cloud-init[1816]: Cloud-init v. 19.4-33-gbb4131a2-0ubuntu1~18.04.1 finished at Tue, 24 Mar 2020 11:45:22 +0000. Datasource DataSourceNoCloud [seed=/dev/sdb][dsmode=net].  Up 71.30 seconds
